// Jest Snapshot v1, https://goo.gl/fbAQLP

exports[`Probar componente <GifExpertApp></GifExpertApp> debe de mostrar una lista de categor√≠as 1`] = `
<Fragment>
  <h2>
    GifExpertApp
  </h2>
  <AddCategory
    setCategories={[Function]}
  />
  <hr />
  <ol>
    <GifGrid
      category="naruto"
      key="naruto"
    />
    <GifGrid
      category="goku"
      key="goku"
    />
  </ol>
</Fragment>
`;

exports[`Probar componente <GifExpertApp></GifExpertApp> debe mostrarse correctamente el componente 1`] = `
<Fragment>
  <h2>
    GifExpertApp
  </h2>
  <AddCategory
    setCategories={[Function]}
  />
  <hr />
  <ol />
</Fragment>
`;
